C51 COMPILER V9.59.0.0   LED                                                               09/27/2026 17:19:49 PAGE 1   


C51 COMPILER V9.59.0.0, COMPILATION OF MODULE LED
OBJECT MODULE PLACED IN .\Objects\led.obj
COMPILER INVOKED BY: F:\keilDownlaod\C51\BIN\C51.EXE led.c OPTIMIZE(8,SPEED) BROWSE DEBUG OBJECTEXTEND PRINT(.\Listings\
                    -led.lst) TABS(2) OBJECT(.\Objects\led.obj)

line level    source

   1          #include <led.H>
   2          
   3          void led_disp(unsigned char addr,unsigned char enable)
   4          {
   5   1        static unsigned char temp;
   6   1        static unsigned char temp_old;
   7   1        
   8   1        if(enable)
   9   1          temp |= 0x01<<addr;
  10   1        else
  11   1          temp &= ~(0x01<<addr);
  12   1        
  13   1        if(temp != temp_old)
  14   1        {
  15   2          P2 = ~temp;//LED阳极接VCC，低电平点亮
  16   2          temp_old = temp;
  17   2        }
  18   1          
  19   1      }
  20          


MODULE INFORMATION:   STATIC OVERLAYABLE
   CODE SIZE        =     47    ----
   CONSTANT SIZE    =   ----    ----
   XDATA SIZE       =   ----    ----
   PDATA SIZE       =   ----    ----
   DATA SIZE        =      2    ----
   IDATA SIZE       =   ----    ----
   BIT SIZE         =   ----    ----
END OF MODULE INFORMATION.


C51 COMPILATION COMPLETE.  0 WARNING(S),  0 ERROR(S)
